[dotenv@17.3.1] injecting env (3) from .env -- tip: ≡ƒöÉ prevent committing .env to code: https://dotenvx.com/precommit
Migrating all existing records to user: gerant@stockhub.com (69c42310d9b717a5d2c05cef)
node : Migration 
failed: TypeError: 
Category.updateMany is 
not a function
At line:1 char:1
+ node 
migrate_users.js 2>&1 
| Out-File migrate.log 
-Encoding utf8
+ ~~~~~~~~~~~~~~~~~~~~~
~~~~~
    + CategoryInfo     
         : NotSpecifi  
  ed: (Migration fai   
 le... not a functi    
on:String) [], Rem    
oteException
    + FullyQualifiedEr 
   rorId : NativeComm  
  andError
 
    at C:\Users\hermi\D
ownloads\STOCKHUB\backe
nd\migrate_users.js:24:
40
    at process.processT
icksAndRejections (node
:internal/process/task_
queues:105:5)
